Microchip MPLAB XC8 Compiler V2.40

Linker command line:

-W-3 \
  --edf=C:\Program Files\Microchip\xc8\v2.40\pic\dat\20220703182018_en.msgs \
  -cn -h+dist/default/production\LABORATORIO03.X.production.sym \
  --cmf=dist/default/production\LABORATORIO03.X.production.cmf -z -Q16F887 \
  -oC:\Users\carlo\AppData\Local\Temp\xcAsppg.4 --defsym=__MPLAB_BUILD=1 \
  --fixupoverflow=error \
  -Mdist/default/production/LABORATORIO03.X.production.map \
  --md=C:\Users\carlo\AppData\Local\Temp\xcAsppg.dat -E1 -ver=XC8 Compiler \
  --acfsm=1493 -ACODE=00h-07FFhx4 -ASTRCODE=00h-01FFFh -ASTRING=00h-0FFhx32 \
  -ACONST=00h-0FFhx32 -AENTRY=00h-0FFhx32 -ACOMMON=070h-07Fh \
  -ABANK0=020h-06Fh -ABANK1=0A0h-0EFh -ABANK2=0110h-016Fh \
  -ABANK3=0190h-01EFh -ARAM=020h-06Fh,0A0h-0EFh,0110h-016Fh,0190h-01EFh \
  -AABS1=020h-07Fh,0A0h-0EFh,0110h-016Fh,0190h-01EFh -ASFR0=00h-01Fh \
  -ASFR1=080h-09Fh -ASFR2=0100h-010Fh -ASFR3=0180h-018Fh \
  -ACONFIG=02007h-02008h -DCONFIG=2 -AIDLOC=02000h-02003h -DIDLOC=2 \
  -AEEDATA=00h-0FFh/02100h -peeprom_data=EEDATA -DEEDATA=2 -DCODE=2 \
  -DSTRCODE=2 -DSTRING=2 -DCONST=2 -DENTRY=2 \
  -preset_vec=00h,intentry=04h,init,end_init -ppowerup=CODE -pcinit=CODE \
  -pfunctab=ENTRY -k C:\Users\carlo\AppData\Local\Temp\xcAsppg.o \
  dist/default/production\LABORATORIO03.X.production.o 

Object code version is 3.11

Machine type is 16F887



                Name                               Link     Load   Length Selector   Space Scale
C:\Users\carlo\AppData\Local\Temp\xcAsppg.o
                end_init                              C        C        3        8       0
                reset_vec                             0        0        3        0       0
                config                             2007     2007        2        0       4
                idloc                              2000     2000        4        0       5
dist/default/production\LABORATORIO03.X.production.o
                cinit                                 F        F       26        8       0
                intentry                              4        4        8        8       0
                config                             2007     2007        2        0       4
                idloc                              2000     2000        4        0       5
                text33                             19A5     19A5       29     334A       0
                text32                             195E     195E       22     32BC       0
                text31                             1944     1944       1A     3288       0
                text30                             18FC     18FC        D     31F8       0
                text29                             1C5B     1C5B       5D     38B6       0
                text28                             1AC0     1AC0       4C     3580       0
                text27                             19CE     19CE       35     339C       0
                text26                             10B4     10B4       46     2168       0
                text25                             1E2D     1E2D      1D3     3C5A       0
                text24                             192E     192E       16     325C       0
                text23                             1A3F     1A3F       3D     347E       0
                text22                             1B0C     1B0C       50     3618       0
                text21                             1D89     1D89       A4     3B12       0
                text20                             18F1     18F1        B     31E2       0
                text19                             1307     1307      258     260E       0
                text18                             1B5C     1B5C       50     36B8       0
                text17                              829      829       78     1052       0
                text16                             1CB8     1CB8       68     3970       0
                text15                             1BAC     1BAC       56     3758       0
                text14                             1980     1980       25     3300       0
                text13                              67E      67E       BA        8       0
                text12                              738      738       B8        8       0
                text11                              8A1      8A1       B7     1142       0
                text10                              800      800       29     1000       0
                text9                               958      958      345     12B0       0
                text8                              1A7C     1A7C       44     34F8       0
                text7                              1A03     1A03       3C     3406       0
                text6                              10FA     10FA      20D     21F4       0
                text5                              1909     1909       12     3212       0
                text4                              1D20     1D20       69     3A40       0
                text3                              1C02     1C02       59     3804       0
                text2                               C9D      C9D      363     193A       0
                text1                                35       35      649        8       0
                maintext                           155F     155F      2A1     2ABE       0
                cstackBANK0                          20       20       4F       20       1
                cstackCOMMON                         70       70        A       70       1
                cstackBANK1                          A0       A0       2A       A0       1
                clrtext                            18E9     18E9        8     31D2       0
                inittext                           191B     191B       13     3236       0
                dataBANK3                           190      190       10      190       1
                bssBANK3                            1A0      1A0        4      190       1
                bssBANK1                             CA       CA       23       A0       1
                bssBANK0                             6F       6F        1       20       1
                bssCOMMON                            7A       7A        2       70       1
                strings                            1000     1000       B1     2000       0
                idataBANK3                          7F0      7F0       10        8       0

TOTAL           Name                               Link     Load   Length     Space
        CLASS   CODE           
                end_init                              C        C        3         0
                cinit                                 F        F       26         0
                intentry                              4        4        8         0
                reset_vec                             0        0        3         0
                text33                             19A5     19A5       29         0
                text32                             195E     195E       22         0
                text31                             1944     1944       1A         0
                text30                             18FC     18FC        D         0
                text29                             1C5B     1C5B       5D         0
                text28                             1AC0     1AC0       4C         0
                text27                             19CE     19CE       35         0
                text26                             10B4     10B4       46         0
                text25                             1E2D     1E2D      1D3         0
                text24                             192E     192E       16         0
                text23                             1A3F     1A3F       3D         0
                text22                             1B0C     1B0C       50         0
                text21                             1D89     1D89       A4         0
                text20                             18F1     18F1        B         0
                text19                             1307     1307      258         0
                text18                             1B5C     1B5C       50         0
                text17                              829      829       78         0
                text16                             1CB8     1CB8       68         0
                text15                             1BAC     1BAC       56         0
                text14                             1980     1980       25         0
                text13                              67E      67E       BA         0
                text12                              738      738       B8         0
                text11                              8A1      8A1       B7         0
                text10                              800      800       29         0
                text9                               958      958      345         0
                text8                              1A7C     1A7C       44         0
                text7                              1A03     1A03       3C         0
                text6                              10FA     10FA      20D         0
                text5                              1909     1909       12         0
                text4                              1D20     1D20       69         0
                text3                              1C02     1C02       59         0
                text2                               C9D      C9D      363         0
                text1                                35       35      649         0
                maintext                           155F     155F      2A1         0
                clrtext                            18E9     18E9        8         0
                inittext                           191B     191B       13         0
                idataBANK3                          7F0      7F0       10         0

        CLASS   STRCODE        

        CLASS   STRING         
                strings                            1000     1000       B1         0

        CLASS   CONST          

        CLASS   ENTRY          

        CLASS   COMMON         
                cstackCOMMON                         70       70        A         1
                bssCOMMON                            7A       7A        2         1

        CLASS   BANK0          
                cstackBANK0                          20       20       4F         1
                bssBANK0                             6F       6F        1         1

        CLASS   BANK1          
                cstackBANK1                          A0       A0       2A         1
                bssBANK1                             CA       CA       23         1

        CLASS   BANK2          

        CLASS   BANK3          
                dataBANK3                           190      190       10         1
                bssBANK3                            1A0      1A0        4         1

        CLASS   RAM            

        CLASS   ABS1           
                abs_s1                               7E       7E        2         1

        CLASS   SFR0           

        CLASS   SFR1           

        CLASS   SFR2           

        CLASS   SFR3           

        CLASS   CONFIG         
                config                             2007     2007        2         4

        CLASS   IDLOC          
                idloc                              2000     2000        4         5

        CLASS   EEDATA         

        CLASS   STACK          



SEGMENTS        Name                           Load    Length   Top    Selector   Space  Class     Delta

                reset_vec                      000000  000003  000003         0       0  CODE        2
                intentry                       000004  0007FC  000800         8       0  CODE        2
                cstackBANK0                    000020  000050  000070        20       1  BANK0       1
                cstackCOMMON                   000070  00000C  00007C        70       1  COMMON      1
                cstackBANK1                    0000A0  00004D  0000ED        A0       1  BANK1       1
                dataBANK3                      000190  000014  0001A4       190       1  BANK3       1
                text10                         000800  000029  000829      1000       0  CODE        2
                text17                         000829  000078  0008A1      1052       0  CODE        2
                text11                         0008A1  0000B7  000958      1142       0  CODE        2
                text9                          000958  000345  000C9D      12B0       0  CODE        2
                text2                          000C9D  000363  001000      193A       0  CODE        2
                strings                        001000  0000B1  0010B1      2000       0  STRING      2
                text26                         0010B4  000046  0010FA      2168       0  CODE        2
                text6                          0010FA  00020D  001307      21F4       0  CODE        2
                text19                         001307  000258  00155F      260E       0  CODE        2
                maintext                       00155F  0002A1  001800      2ABE       0  CODE        2
                clrtext                        0018E9  000008  0018F1      31D2       0  CODE        2
                text20                         0018F1  00000B  0018FC      31E2       0  CODE        2
                text30                         0018FC  00000D  001909      31F8       0  CODE        2
                text5                          001909  000012  00191B      3212       0  CODE        2
                inittext                       00191B  000013  00192E      3236       0  CODE        2
                text24                         00192E  000016  001944      325C       0  CODE        2
                text31                         001944  00001A  00195E      3288       0  CODE        2
                text32                         00195E  000022  001980      32BC       0  CODE        2
                text14                         001980  000025  0019A5      3300       0  CODE        2
                text33                         0019A5  000029  0019CE      334A       0  CODE        2
                text27                         0019CE  000035  001A03      339C       0  CODE        2
                text7                          001A03  00003C  001A3F      3406       0  CODE        2
                text23                         001A3F  00003D  001A7C      347E       0  CODE        2
                text8                          001A7C  000044  001AC0      34F8       0  CODE        2
                text28                         001AC0  00004C  001B0C      3580       0  CODE        2
                text22                         001B0C  000050  001B5C      3618       0  CODE        2
                text18                         001B5C  000050  001BAC      36B8       0  CODE        2
                text15                         001BAC  000056  001C02      3758       0  CODE        2
                text3                          001C02  000059  001C5B      3804       0  CODE        2
                text29                         001C5B  00005D  001CB8      38B6       0  CODE        2
                text16                         001CB8  000068  001D20      3970       0  CODE        2
                text4                          001D20  000069  001D89      3A40       0  CODE        2
                text21                         001D89  0000A4  001E2D      3B12       0  CODE        2
                text25                         001E2D  0001D3  002000      3C5A       0  CODE        2


UNUSED ADDRESS RANGES

        Name                Unused          Largest block    Delta
        BANK1            00ED-00EF              3           1
        BANK2            0110-016F             60           1
        BANK3            01A4-01EF             4C           1
        CODE             0003-0003              1           2
                         10B1-10B3              3
                         1800-18E8             E9
        COMMON           007C-007D              2           1
        CONST            0003-0003              1           2
                         10B1-10B3              3
                         1800-18E8             E9
        EEDATA           2100-21FF            100           2
        ENTRY            0003-0003              1           2
                         10B1-10B3              3
                         1800-18E8             E9
        RAM              00ED-00EF              3           1
                         0110-016F             60
                         01A4-01EF             4C
        SFR0             0000-001F             20           1
        SFR1             0080-009F             20           1
        SFR2             0100-010F             10           1
        SFR3             0180-018F             10           1
        STRCODE          0003-0003              1           2
                         10B1-10B3              3
                         1800-18E8             E9
        STRING           0003-0003              1           2
                         10B1-10B3              3
                         1800-18E8             E9

                                  Symbol Table

?__Umul8_16               cstackCOMMON 0072
?___awdiv                 cstackBANK0  0020
?___awmod                 cstackCOMMON 0072
?___fladd                 cstackBANK0  0056
?___fldiv                 cstackBANK0  0042
?___flmul                 cstackBANK0  0028
?___flneg                 cstackCOMMON 0072
?___flsub                 cstackBANK1  00A0
?___fltol                 cstackBANK0  0055
?___lldiv                 cstackCOMMON 0072
?___llmod                 cstackCOMMON 0072
?___lwdiv                 cstackCOMMON 0072
?___lwmod                 cstackBANK0  0020
?___wmul                  cstackCOMMON 0072
?___xxtofl                cstackCOMMON 0072
?__div_to_l_              cstackCOMMON 0072
?__tdiv_to_l_             cstackCOMMON 0072
?_fround                  cstackBANK0  0042
?_scale                   cstackBANK0  0042
?_sprintf                 cstackBANK0  006A
Lcd_Cmd@a                 cstackCOMMON 0075
Lcd_Port@a                cstackCOMMON 0072
Lcd_Set_Cursor@a          cstackBANK0  0020
Lcd_Set_Cursor@b          cstackCOMMON 0076
Lcd_Set_Cursor@temp       cstackBANK0  0023
Lcd_Set_Cursor@y          cstackBANK0  0022
Lcd_Set_Cursor@z          cstackBANK0  0021
Lcd_Write_Char@a          cstackCOMMON 0076
Lcd_Write_Char@temp       cstackCOMMON 0074
Lcd_Write_Char@y          cstackCOMMON 0075
Lcd_Write_String@a        cstackCOMMON 0077
Lcd_Write_String@i        cstackBANK0  0023
_ADC1                     bssBANK1     00E9
_ADC2                     bssBANK1     00E5
_ANSEL                    (abs)        0188
_ANSELH                   (abs)        0189
_INTCONbits               (abs)        000B
_Lcd_Clear                text30       18FC
_Lcd_Cmd                  text31       1944
_Lcd_Init                 text29       1C5B
_Lcd_Port                 text32       195E
_Lcd_Set_Cursor           text28       1AC0
_Lcd_Write_Char           text27       19CE
_Lcd_Write_String         text26       10B4
_OSCCONbits               (abs)        008F
_PIE1bits                 (abs)        008C
_PIR1bits                 (abs)        000C
_PORTA                    (abs)        0005
_PORTB                    (abs)        0006
_PORTCbits                (abs)        0007
_PORTD                    (abs)        0008
_PORTDbits                (abs)        0008
_PORTE                    (abs)        0009
_RD3                      (abs)        0043
_RD4                      (abs)        0044
_RD5                      (abs)        0045
_RD6                      (abs)        0046
_RD7                      (abs)        0047
_SSPBUF                   (abs)        0013
_SSPCON                   (abs)        0014
_SSPCONbits               (abs)        0014
_SSPSTAT                  (abs)        0094
_SSPSTATbits              (abs)        0094
_TMR0                     (abs)        0001
_TRISA                    (abs)        0085
_TRISB                    (abs)        0086
_TRISC3                   (abs)        043B
_TRISC5                   (abs)        043D
_TRISCbits                (abs)        0087
_TRISD                    (abs)        0088
_TRISE                    (abs)        0089
_VOLTAJE1                 bssBANK1     00CE
_VOLTAJE2                 bssBANK1     00CA
__Habs1                   abs1         0000
__Hbank0                  bank0        0000
__Hbank1                  bank1        0000
__Hbank2                  bank2        0000
__Hbank3                  bank3        0000
__HbssBANK0               bssBANK0     0000
__HbssBANK1               bssBANK1     0000
__HbssBANK3               bssBANK3     0000
__HbssCOMMON              bssCOMMON    0000
__Hcinit                  cinit        0035
__Hclrtext                clrtext      0000
__Hcode                   code         0000
__Hcommon                 common       0000
__Hconfig                 config       2009
__HcstackBANK0            cstackBANK0  0000
__HcstackBANK1            cstackBANK1  0000
__HcstackCOMMON           cstackCOMMON 0000
__HdataBANK3              dataBANK3    0000
__Heeprom_data            eeprom_data  0000
__Hend_init               end_init     000F
__Hfunctab                functab      0000
__HidataBANK3             idataBANK3   0000
__Hidloc                  idloc        2004
__Hinit                   init         000C
__Hinittext               inittext     0000
__Hintentry               intentry     000C
__Hmaintext               maintext     0000
__Hpowerup                powerup      0000
__Hram                    ram          0000
__Hreset_vec              reset_vec    0003
__Hsfr0                   sfr0         0000
__Hsfr1                   sfr1         0000
__Hsfr2                   sfr2         0000
__Hsfr3                   sfr3         0000
__Hspace_0                (abs)        2000
__Hspace_1                (abs)        01A4
__Hspace_2                (abs)        0000
__Hspace_3                (abs)        0000
__Hspace_4                (abs)        4010
__Hstack                  stack        0000
__Hstrings                strings      0000
__Htext                   text         0000
__Labs1                   abs1         0000
__Lbank0                  bank0        0000
__Lbank1                  bank1        0000
__Lbank2                  bank2        0000
__Lbank3                  bank3        0000
__LbssBANK0               bssBANK0     0000
__LbssBANK1               bssBANK1     0000
__LbssBANK3               bssBANK3     0000
__LbssCOMMON              bssCOMMON    0000
__Lcinit                  cinit        000F
__Lclrtext                clrtext      0000
__Lcode                   code         0000
__Lcommon                 common       0000
__Lconfig                 config       0000
__LcstackBANK0            cstackBANK0  0000
__LcstackBANK1            cstackBANK1  0000
__LcstackCOMMON           cstackCOMMON 0000
__LdataBANK3              dataBANK3    0000
__Leeprom_data            eeprom_data  0000
__Lend_init               end_init     000C
__Lfunctab                functab      0000
__LidataBANK3             idataBANK3   0000
__Lidloc                  idloc        0000
__Linit                   init         000C
__Linittext               inittext     0000
__Lintentry               intentry     0004
__Lmaintext               maintext     0000
__Lpowerup                powerup      0000
__Lram                    ram          0000
__Lreset_vec              reset_vec    0000
__Lsfr0                   sfr0         0000
__Lsfr1                   sfr1         0000
__Lsfr2                   sfr2         0000
__Lsfr3                   sfr3         0000
__Lspace_0                (abs)        0000
__Lspace_1                (abs)        0000
__Lspace_2                (abs)        0000
__Lspace_3                (abs)        0000
__Lspace_4                (abs)        0000
__Lstack                  stack        0000
__Lstrings                strings      0000
__Ltext                   text         0000
__S0                      (abs)        2000
__S1                      (abs)        01A4
__S3                      (abs)        0000
__Umul8_16                text10       0800
__Umul8_16@multiplicand   cstackCOMMON 0072
__Umul8_16@multiplier     cstackBANK0  0024
__Umul8_16@product        cstackBANK0  0020
__Umul8_16@word_mpld      cstackBANK0  0022
___awdiv                  text4        1D20
___awdiv@counter          cstackBANK0  0024
___awdiv@dividend         cstackBANK0  0022
___awdiv@divisor          cstackBANK0  0020
___awdiv@quotient         cstackBANK0  0026
___awdiv@sign             cstackBANK0  0025
___awmod                  text3        1C02
___awmod@counter          cstackCOMMON 0077
___awmod@dividend         cstackCOMMON 0074
___awmod@divisor          cstackCOMMON 0072
___awmod@sign             cstackCOMMON 0078
___fladd                  text19       1307
___fladd@a                cstackBANK0  005A
___fladd@aexp             cstackBANK0  0067
___fladd@b                cstackBANK0  0056
___fladd@bexp             cstackBANK0  0068
___fladd@grs              cstackBANK0  0069
___fladd@signs            cstackBANK0  0066
___fldiv                  text25       1E2D
___fldiv@a                cstackBANK0  0042
___fldiv@aexp             cstackBANK0  005B
___fldiv@b                cstackBANK0  0046
___fldiv@bexp             cstackBANK0  005A
___fldiv@grs              cstackBANK0  0056
___fldiv@new_exp          cstackBANK0  0054
___fldiv@rem              cstackBANK0  004F
___fldiv@sign             cstackBANK0  0053
___fleq                   text22       1B0C
___fleq@ff1               cstackCOMMON 0072
___fleq@ff2               cstackCOMMON 0076
___flge                   text21       1D89
___flge@ff1               cstackCOMMON 0072
___flge@ff2               cstackCOMMON 0076
___flmul                  text9        0958
___flmul@a                cstackBANK0  002C
___flmul@aexp             cstackBANK0  0036
___flmul@b                cstackBANK0  0028
___flmul@bexp             cstackBANK0  003B
___flmul@grs              cstackBANK0  0037
___flmul@prod             cstackBANK0  003C
___flmul@sign             cstackBANK0  0035
___flmul@temp             cstackBANK0  0040
___flneg                  text20       18F1
___flneg@f1               cstackCOMMON 0072
___flsub                  text18       1B5C
___flsub@a                cstackBANK1  00A0
___flsub@b                cstackBANK1  00A4
___fltol                  text17       0829
___fltol@exp1             cstackBANK0  005E
___fltol@f1               cstackBANK0  0055
___fltol@sign1            cstackBANK0  005D
___int_sp                 stack        0000
___latbits                (abs)        0002
___lldiv                  text16       1CB8
___lldiv@counter          cstackBANK0  0025
___lldiv@dividend         cstackCOMMON 0076
___lldiv@divisor          cstackCOMMON 0072
___lldiv@quotient         cstackBANK0  0021
___llmod                  text15       1BAC
___llmod@counter          cstackBANK0  0021
___llmod@dividend         cstackCOMMON 0076
___llmod@divisor          cstackCOMMON 0072
___lwdiv                  text8        1A7C
___lwdiv@counter          cstackCOMMON 0079
___lwdiv@dividend         cstackCOMMON 0074
___lwdiv@divisor          cstackCOMMON 0072
___lwdiv@quotient         cstackCOMMON 0077
___lwmod                  text7        1A03
___lwmod@counter          cstackBANK0  0025
___lwmod@dividend         cstackBANK0  0022
___lwmod@divisor          cstackBANK0  0020
___sp                     stack        0000
___stackhi                (abs)        0000
___stacklo                (abs)        0000
___wmul                   text14       1980
___wmul@multiplicand      cstackCOMMON 0074
___wmul@multiplier        cstackCOMMON 0072
___wmul@product           cstackCOMMON 0076
___xxtofl                 text13       067E
___xxtofl@arg             cstackBANK0  0022
___xxtofl@exp             cstackBANK0  0021
___xxtofl@sign            cstackBANK0  0020
___xxtofl@val             cstackCOMMON 0072
__div_to_l_               text12       0738
__div_to_l_@cntr          cstackBANK0  0025
__div_to_l_@exp1          cstackBANK0  0026
__div_to_l_@f1            cstackCOMMON 0072
__div_to_l_@f2            cstackCOMMON 0076
__div_to_l_@quot          cstackBANK0  0021
__end_of_Lcd_Clear        text30       1909
__end_of_Lcd_Cmd          text31       195E
__end_of_Lcd_Init         text29       1CB8
__end_of_Lcd_Port         text32       1980
__end_of_Lcd_Set_Cursor   text28       1B0C
__end_of_Lcd_Write_Char   text27       1A03
__end_of_Lcd_Write_String text26       10FA
__end_of__Umul8_16        text10       0829
__end_of___awdiv          text4        1D89
__end_of___awmod          text3        1C5B
__end_of___fladd          text19       155F
__end_of___fldiv          text25       2000
__end_of___fleq           text22       1B5C
__end_of___flge           text21       1E2D
__end_of___flmul          text9        0C9D
__end_of___flneg          text20       18FC
__end_of___flsub          text18       1BAC
__end_of___fltol          text17       08A1
__end_of___lldiv          text16       1D20
__end_of___llmod          text15       1C02
__end_of___lwdiv          text8        1AC0
__end_of___lwmod          text7        1A3F
__end_of___wmul           text14       19A5
__end_of___xxtofl         text13       0738
__end_of__div_to_l_       text12       07F0
__end_of__initialization  cinit        0031
__end_of__npowers_        strings      1078
__end_of__powers_         strings      1044
__end_of__stringtab       strings      1010
__end_of__tdiv_to_l_      text11       0958
__end_of_dpowers          strings      10A0
__end_of_fround           text6        1307
__end_of_isdigit          text5        191B
__end_of_isr              text33       19CE
__end_of_main             maintext     1800
__end_of_scale            text2        1000
__end_of_setup            text23       1A7C
__end_of_spiInit          text24       1944
__end_of_sprintf          text1        067E
__initialization          cinit        000F
__npowers_                strings      1044
__pbssBANK0               bssBANK0     006F
__pbssBANK1               bssBANK1     00CA
__pbssBANK3               bssBANK3     01A0
__pbssCOMMON              bssCOMMON    007A
__pcstackBANK0            cstackBANK0  0020
__pcstackBANK1            cstackBANK1  00A0
__pcstackCOMMON           cstackCOMMON 0070
__pdataBANK3              dataBANK3    0190
__pidataBANK3             idataBANK3   07F0
__pintentry               intentry     0004
__pmaintext               maintext     155F
__powers_                 strings      1010
__pstrings                strings      1000
__ptext1                  text1        0035
__ptext10                 text10       0800
__ptext11                 text11       08A1
__ptext12                 text12       0738
__ptext13                 text13       067E
__ptext14                 text14       1980
__ptext15                 text15       1BAC
__ptext16                 text16       1CB8
__ptext17                 text17       0829
__ptext18                 text18       1B5C
__ptext19                 text19       1307
__ptext2                  text2        0C9D
__ptext20                 text20       18F1
__ptext21                 text21       1D89
__ptext22                 text22       1B0C
__ptext23                 text23       1A3F
__ptext24                 text24       192E
__ptext25                 text25       1E2D
__ptext26                 text26       10B4
__ptext27                 text27       19CE
__ptext28                 text28       1AC0
__ptext29                 text29       1C5B
__ptext3                  text3        1C02
__ptext30                 text30       18FC
__ptext31                 text31       1944
__ptext32                 text32       195E
__ptext33                 text33       19A5
__ptext4                  text4        1D20
__ptext5                  text5        1909
__ptext6                  text6        10FA
__ptext7                  text7        1A03
__ptext8                  text8        1A7C
__ptext9                  text9        0958
__stringbase              strings      100F
__stringtab               strings      1000
__tdiv_to_l_              text11       08A1
__tdiv_to_l_@cntr         cstackBANK0  0027
__tdiv_to_l_@exp1         cstackBANK0  0028
__tdiv_to_l_@f1           cstackCOMMON 0072
__tdiv_to_l_@f2           cstackCOMMON 0076
__tdiv_to_l_@quot         cstackBANK0  0023
_cont                     bssBANK1     00DE
_dpowers                  strings      1078
_fround                   text6        10FA
_fround$1274              cstackBANK0  0051
_fround$1275              cstackBANK0  004D
_hundreds                 bssBANK0     006F
_isdigit                  text5        1909
_isdigit$1081             cstackCOMMON 0072
_isr                      text33       19A5
_main                     maintext     155F
_ones                     bssBANK1     00E3
_scale                    text2        0C9D
_scale$1276               cstackBANK0  0050
_setup                    text23       1A3F
_spiInit                  text24       192E
_sprintf                  text1        0035
_sprintf$1277             cstackBANK1  00AD
_tens                     bssBANK1     00E4
_voltaje1                 bssBANK1     00DA
_voltaje2                 bssBANK1     00D6
btemp                     (abs)        007E
clear_ram0                clrtext      18E9
end_of_initialization     cinit        0031
fround@prec               cstackBANK0  0055
init_fetch0               inittext     191B
init_ram0                 inittext     191F
interrupt_function        intentry     0004
intlevel0                 functab      0000
intlevel1                 functab      0000
intlevel2                 functab      0000
intlevel3                 functab      0000
intlevel4                 functab      0000
intlevel5                 functab      0000
isdigit@c                 cstackCOMMON 0073
reset_vec                 reset_vec    0000
saved_w                   (abs)        007E
scale@scl                 cstackBANK0  0054
spiInit@sClockIdle        cstackCOMMON 0073
spiInit@sDataSample       cstackCOMMON 0072
spiInit@sTransmitEdge     cstackCOMMON 0074
spiInit@sType             cstackCOMMON 0075
sprintf@ap                cstackBANK1  00B1
sprintf@c                 cstackBANK1  00C5
sprintf@eexp              cstackBANK1  00B8
sprintf@f                 cstackBANK0  006A
sprintf@flag              cstackBANK1  00B2
sprintf@fval              cstackBANK1  00C1
sprintf@prec              cstackBANK1  00BF
sprintf@sp                cstackBANK1  00BE
sprintf@tmpval            cstackBANK1  00BA
sprintf@val               cstackBANK1  00B4
start                     init         000C
start_initialization      cinit        000F
wtemp0                    (abs)        007E


MODULE INFORMATION

Module		Function		Class		Link	Load	Size
C:\Program Files\Microchip\xc8\v2.40\pic\sources\c90\common\fltol.c
		___fltol       		CODE           	0829	0000	120

C:\Program Files\Microchip\xc8\v2.40\pic\sources\c90\common\fltol.c estimated size: 120

C:\Program Files\Microchip\xc8\v2.40\pic\sources\c90\common\awdiv.c
		___awdiv       		CODE           	1D20	0000	105

C:\Program Files\Microchip\xc8\v2.40\pic\sources\c90\common\awdiv.c estimated size: 105

C:\Program Files\Microchip\xc8\v2.40\pic\sources\c90\common\sprcmul.c
		___flmul       		CODE           	0958	0000	837

C:\Program Files\Microchip\xc8\v2.40\pic\sources\c90\common\sprcmul.c estimated size: 837

C:\Program Files\Microchip\xc8\v2.40\pic\sources\c90\common\__lldiv.c
		___lldiv       		CODE           	1CB8	0000	104

C:\Program Files\Microchip\xc8\v2.40\pic\sources\c90\common\__lldiv.c estimated size: 104

C:\Program Files\Microchip\xc8\v2.40\pic\sources\c90\common\flneg.c
		___flneg       		CODE           	18F1	0000	11

C:\Program Files\Microchip\xc8\v2.40\pic\sources\c90\common\flneg.c estimated size: 11

C:\Program Files\Microchip\xc8\v2.40\pic\sources\c90\common\sprcdiv.c
		___fldiv       		CODE           	1E2D	0000	467

C:\Program Files\Microchip\xc8\v2.40\pic\sources\c90\common\sprcdiv.c estimated size: 467

C:\Program Files\Microchip\xc8\v2.40\pic\sources\c90\common\fleq.c
		___fleq        		CODE           	1B0C	0000	80

C:\Program Files\Microchip\xc8\v2.40\pic\sources\c90\common\fleq.c estimated size: 80

C:\Program Files\Microchip\xc8\v2.40\pic\sources\c90\common\Umul8_16.c
		__Umul8_16     		CODE           	0800	0000	41

C:\Program Files\Microchip\xc8\v2.40\pic\sources\c90\common\Umul8_16.c estimated size: 41

C:\Program Files\Microchip\xc8\v2.40\pic\sources\c90\common\doprnt.c
		_scale         		CODE           	0C9D	0000	867
		_sprintf       		CODE           	0035	0000	1609
		_fround        		CODE           	10FA	0000	525

C:\Program Files\Microchip\xc8\v2.40\pic\sources\c90\common\doprnt.c estimated size: 3001

C:\Program Files\Microchip\xc8\v2.40\pic\sources\c90\common\ftdivl.c
		__tdiv_to_l_   		CODE           	08A1	0000	183

C:\Program Files\Microchip\xc8\v2.40\pic\sources\c90\common\ftdivl.c estimated size: 183

C:\Program Files\Microchip\xc8\v2.40\pic\sources\c90\common\Umul16.c
		___wmul        		CODE           	1980	0000	37

C:\Program Files\Microchip\xc8\v2.40\pic\sources\c90\common\Umul16.c estimated size: 37

spi.c
		_spiInit       		CODE           	192E	0000	22

spi.c estimated size: 22

C:\Program Files\Microchip\xc8\v2.40\pic\sources\c90\common\lwmod.c
		___lwmod       		CODE           	1A03	0000	60

C:\Program Files\Microchip\xc8\v2.40\pic\sources\c90\common\lwmod.c estimated size: 60

shared
		__stringtab    		STRING         	1000	0000	16
		__powers_      		STRING         	1010	0000	52
		_dpowers       		STRING         	1078	0000	40
		__npowers_     		STRING         	1044	0000	52
		__initialization		CODE           	000F	0000	34

shared estimated size: 194

C:\Program Files\Microchip\xc8\v2.40\pic\sources\c90\common\llmod.c
		___llmod       		CODE           	1BAC	0000	86

C:\Program Files\Microchip\xc8\v2.40\pic\sources\c90\common\llmod.c estimated size: 86

C:\Program Files\Microchip\xc8\v2.40\pic\sources\c90\common\isdigit.c
		_isdigit       		CODE           	1909	0000	18

C:\Program Files\Microchip\xc8\v2.40\pic\sources\c90\common\isdigit.c estimated size: 18

C:\Program Files\Microchip\xc8\v2.40\pic\sources\c90\common\sprcadd.c
		___flsub       		CODE           	1B5C	0000	80
		___fladd       		CODE           	1307	0000	600

C:\Program Files\Microchip\xc8\v2.40\pic\sources\c90\common\sprcadd.c estimated size: 680

C:\Program Files\Microchip\xc8\v2.40\pic\sources\c90\common\awmod.c
		___awmod       		CODE           	1C02	0000	89

C:\Program Files\Microchip\xc8\v2.40\pic\sources\c90\common\awmod.c estimated size: 89

C:\Program Files\Microchip\xc8\v2.40\pic\sources\c90\common\flge.c
		___flge        		CODE           	1D89	0000	164

C:\Program Files\Microchip\xc8\v2.40\pic\sources\c90\common\flge.c estimated size: 164

main.c
		_main          		CODE           	155F	0000	673
		_isr           		CODE           	19A5	0000	41
		_setup         		CODE           	1A3F	0000	61

main.c estimated size: 775

C:\Program Files\Microchip\xc8\v2.40\pic\sources\c90\common\fldivl.c
		__div_to_l_    		CODE           	0738	0000	184

C:\Program Files\Microchip\xc8\v2.40\pic\sources\c90\common\fldivl.c estimated size: 184

C:\Program Files\Microchip\xc8\v2.40\pic\sources\c90\common\lwdiv.c
		___lwdiv       		CODE           	1A7C	0000	68

C:\Program Files\Microchip\xc8\v2.40\pic\sources\c90\common\lwdiv.c estimated size: 68

C:\Program Files\Microchip\xc8\v2.40\pic\sources\c90\common\xxtofl.c
		___xxtofl      		CODE           	067E	0000	186

C:\Program Files\Microchip\xc8\v2.40\pic\sources\c90\common\xxtofl.c estimated size: 186

LCD.c
		_Lcd_Write_String		CODE           	10B4	0000	70
		_Lcd_Init      		CODE           	1C5B	0000	93
		_Lcd_Write_Char		CODE           	19CE	0000	53
		_Lcd_Cmd       		CODE           	1944	0000	26
		_Lcd_Set_Cursor		CODE           	1AC0	0000	76
		_Lcd_Clear     		CODE           	18FC	0000	13
		_Lcd_Port      		CODE           	195E	0000	34

LCD.c estimated size: 365

